test succeeded and again.